Component: ARM Compiler 5.06 update 7 (build 960) Tool: armlink [4d3601]

==============================================================================

Section Cross References

    startup_stm32f10x_hd.o(RESET) refers to startup_stm32f10x_hd.o(STACK) for __initial_sp
    startup_stm32f10x_hd.o(RESET) refers to startup_stm32f10x_hd.o(.text) for Reset_Handler
    startup_stm32f10x_hd.o(RESET) refers to stm32f10x_it.o(.text) for NMI_Handler
    startup_stm32f10x_hd.o(RESET) refers to hal_cm3.o(.emb_text) for SVC_Handler
    startup_stm32f10x_hd.o(.text) refers to system_stm32f10x.o(.text) for SystemInit
    startup_stm32f10x_hd.o(.text) refers to entry.o(.ARM.Collect$$$$00000000) for __main
    system_stm32f10x.o(.text) refers to system_stm32f10x.o(.data) for SystemCoreClock
    stm32f10x_adc.o(.text) refers to stm32f10x_rcc.o(.text) for RCC_APB2PeriphResetCmd
    stm32f10x_bkp.o(.text) refers to stm32f10x_rcc.o(.text) for RCC_BackupResetCmd
    stm32f10x_can.o(.text) refers to stm32f10x_rcc.o(.text) for RCC_APB1PeriphResetCmd
    stm32f10x_cec.o(.text) refers to stm32f10x_rcc.o(.text) for RCC_APB1PeriphResetCmd
    stm32f10x_dac.o(.text) refers to stm32f10x_rcc.o(.text) for RCC_APB1PeriphResetCmd
    stm32f10x_gpio.o(.text) refers to stm32f10x_rcc.o(.text) for RCC_APB2PeriphResetCmd
    stm32f10x_i2c.o(.text) refers to stm32f10x_rcc.o(.text) for RCC_APB1PeriphResetCmd
    stm32f10x_pwr.o(.text) refers to stm32f10x_rcc.o(.text) for RCC_APB1PeriphResetCmd
    stm32f10x_rcc.o(.text) refers to stm32f10x_rcc.o(.data) for APBAHBPrescTable
    stm32f10x_spi.o(.text) refers to stm32f10x_rcc.o(.text) for RCC_APB2PeriphResetCmd
    stm32f10x_tim.o(.text) refers to stm32f10x_rcc.o(.text) for RCC_APB2PeriphResetCmd
    stm32f10x_usart.o(.text) refers to stm32f10x_rcc.o(.text) for RCC_APB2PeriphResetCmd
    stm32f10x_wwdg.o(.text) refers to stm32f10x_rcc.o(.text) for RCC_APB1PeriphResetCmd
    main.o(.text) refers to misc.o(.text) for NVIC_PriorityGroupConfig
    main.o(.text) refers to system_stm32f10x.o(.text) for SystemCoreClockUpdate
    main.o(.text) refers to bsp_led.o(.text) for LED_GPIO_Config
    main.o(.text) refers to hal_cm3.o(.emb_text) for os_set_env
    main.o(.text) refers to rt_time.o(.text) for rt_itv_set
    main.o(.text) refers to main.o(.bss) for AppTaskLEDStk
    main.o(.text) refers to rt_task.o(.text) for rt_tsk_create
    bsp_led.o(.text) refers to stm32f10x_rcc.o(.text) for RCC_APB2PeriphClockCmd
    bsp_led.o(.text) refers to stm32f10x_gpio.o(.text) for GPIO_Init
    rt_membox.o(.text) refers to hal_cm3.o(.emb_text) for _alloc_box
    rt_mutex.o(.text) refers to rt_list.o(.text) for rt_get_first
    rt_mutex.o(.text) refers to rt_task.o(.text) for rt_dispatch
    rt_mutex.o(.text) refers to rt_task.o(.data) for os_tsk
    rt_mutex.o(.text) refers to rt_list.o(.bss) for os_rdy
    rt_robin.o(.text) refers to rt_list.o(.text) for rt_get_first
    rt_robin.o(.text) refers to rt_robin.o(.data) for os_robin
    rt_robin.o(.text) refers to rtx_conf_cm.o(.constdata) for os_rrobin
    rt_robin.o(.text) refers to rt_list.o(.bss) for os_rdy
    rt_robin.o(.text) refers to rt_time.o(.data) for os_time
    rt_semaphore.o(.text) refers to rt_list.o(.text) for rt_get_first
    rt_semaphore.o(.text) refers to rt_task.o(.text) for rt_dispatch
    rt_semaphore.o(.text) refers to rt_system.o(.text) for rt_psh_req
    rt_semaphore.o(.text) refers to rt_task.o(.data) for os_tsk
    rt_semaphore.o(.text) refers to rt_list.o(.bss) for os_rdy
    rt_system.o(.text) refers to rt_list.o(.text) for rt_put_rdy_first
    rt_system.o(.text) refers to rt_timer.o(.text) for rt_tmr_tick
    rt_system.o(.text) refers to rt_task.o(.text) for rt_switch_req
    rt_system.o(.text) refers to rt_event.o(.text) for rt_evt_psh
    rt_system.o(.text) refers to rt_mailbox.o(.text) for rt_mbx_psh
    rt_system.o(.text) refers to rt_semaphore.o(.text) for rt_sem_psh
    rt_system.o(.text) refers to rt_robin.o(.text) for rt_chk_robin
    rt_system.o(.text) refers to rtx_conf_cm.o(.text) for os_error
    rt_system.o(.text) refers to rt_system.o(.data) for os_tick_irqn
    rt_system.o(.text) refers to rt_list.o(.bss) for os_dly
    rt_system.o(.text) refers to rt_timer.o(.data) for os_tmr
    rt_system.o(.text) refers to rt_task.o(.data) for os_tsk
    rt_system.o(.text) refers to rt_robin.o(.data) for os_robin
    rt_system.o(.text) refers to rt_time.o(.data) for os_time
    rt_system.o(.text) refers to rtx_conf_cm.o(.bss) for os_fifo
    rt_system.o(.text) refers to rtx_conf_cm.o(.constdata) for os_trv
    rt_task.o(.text) refers to rt_membox.o(.text) for rt_alloc_box
    rt_task.o(.text) refers to hal_cm3.o(.text) for rt_init_stack
    rt_task.o(.text) refers to rt_list.o(.text) for rt_get_first
    rt_task.o(.text) refers to hal_cm3.o(.emb_text) for rt_get_PSP
    rt_task.o(.text) refers to rt_system.o(.text) for rt_stk_check
    rt_task.o(.text) refers to rtx_conf_cm.o(.bss) for os_active_TCB
    rt_task.o(.text) refers to rtx_conf_cm.o(.constdata) for os_maxtaskrun
    rt_task.o(.text) refers to rt_task.o(.data) for os_tsk
    rt_task.o(.text) refers to rt_list.o(.bss) for os_rdy
    rt_task.o(.text) refers to rtx_conf_cm.o(.data) for m_tmr
    rt_task.o(.text) refers to rt_task.o(.bss) for os_idle_TCB
    rt_task.o(.text) refers to rtx_conf_cm.o(.text) for os_idle_demon
    rt_task.o(.text) refers to rt_robin.o(.text) for rt_init_robin
    rt_task.o(.text) refers to rt_system.o(.data) for os_tick_irqn
    rt_time.o(.text) refers to rt_task.o(.text) for rt_block
    rt_time.o(.text) refers to rt_time.o(.data) for os_time
    rt_time.o(.text) refers to rt_task.o(.data) for os_tsk
    rt_timer.o(.text) refers to rtx_conf_cm.o(.text) for os_tmr_call
    rt_timer.o(.text) refers to rt_membox.o(.text) for rt_free_box
    rt_timer.o(.text) refers to rt_timer.o(.data) for os_tmr
    rt_timer.o(.text) refers to rtx_conf_cm.o(.data) for m_tmr
    rt_event.o(.text) refers to rt_task.o(.text) for rt_block
    rt_event.o(.text) refers to rt_list.o(.text) for rt_rmv_dly
    rt_event.o(.text) refers to rt_system.o(.text) for rt_psh_req
    rt_event.o(.text) refers to rt_task.o(.data) for os_tsk
    rt_event.o(.text) refers to rtx_conf_cm.o(.bss) for os_active_TCB
    rt_event.o(.text) refers to rt_list.o(.bss) for os_rdy
    rt_list.o(.text) refers to rtx_conf_cm.o(.text) for os_error
    rt_list.o(.text) refers to rt_list.o(.bss) for os_rdy
    rt_list.o(.text) refers to rt_task.o(.data) for os_tsk
    rt_list.o(.text) refers to rt_time.o(.data) for os_time
    rt_list.o(.text) refers to rtx_conf_cm.o(.bss) for os_fifo
    rt_mailbox.o(.text) refers to rt_list.o(.text) for rt_get_first
    rt_mailbox.o(.text) refers to rt_task.o(.text) for rt_dispatch
    rt_mailbox.o(.text) refers to rt_system.o(.text) for rt_psh_req
    rt_mailbox.o(.text) refers to rtx_conf_cm.o(.text) for os_error
    rt_mailbox.o(.text) refers to rt_task.o(.data) for os_tsk
    rt_mailbox.o(.text) refers to rt_list.o(.bss) for os_rdy
    hal_cm3.o(.emb_text) refers to rtx_conf_cm.o(.constdata) for os_flags
    hal_cm3.o(.emb_text) refers to rt_membox.o(.text) for rt_alloc_box
    hal_cm3.o(.emb_text) refers to rt_system.o(.text) for rt_stk_check
    hal_cm3.o(.emb_text) refers to rt_task.o(.data) for os_tsk
    hal_cm3.o(.emb_text) refers to svc_table.o(SVC_TABLE) for SVC_Count
    hal_cm3.o(.text) refers to rtx_conf_cm.o(.constdata) for os_stackinfo
    hal_cm3.o(.text) refers to hal_cm3.o(.data) for dbg_msg
    entry.o(.ARM.Collect$$$$00000000) refers (Special) to entry10a.o(.ARM.Collect$$$$0000000F) for __rt_final_cpp
    entry.o(.ARM.Collect$$$$00000000) refers (Special) to entry11a.o(.ARM.Collect$$$$00000011) for __rt_final_exit
    entry.o(.ARM.Collect$$$$00000000) refers (Special) to entry12b.o(.ARM.Collect$$$$0000000E) for __rt_lib_shutdown_fini
    entry.o(.ARM.Collect$$$$00000000) refers (Special) to entry7b.o(.ARM.Collect$$$$00000008) for _main_clock
    entry.o(.ARM.Collect$$$$00000000) refers (Special) to entry8b.o(.ARM.Collect$$$$0000000A) for _main_cpp_init
    entry.o(.ARM.Collect$$$$00000000) refers (Special) to entry9a.o(.ARM.Collect$$$$0000000B) for _main_init
    entry.o(.ARM.Collect$$$$00000000) refers (Special) to entry5.o(.ARM.Collect$$$$00000004) for _main_scatterload
    entry.o(.ARM.Collect$$$$00000000) refers (Special) to entry2.o(.ARM.Collect$$$$00000001) for _main_stk
    entry2.o(.ARM.Collect$$$$00000001) refers to entry2.o(.ARM.Collect$$$$00002712) for __lit__00000000
    entry2.o(.ARM.Collect$$$$00002712) refers to startup_stm32f10x_hd.o(STACK) for __initial_sp
    entry2.o(__vectab_stack_and_reset_area) refers to startup_stm32f10x_hd.o(STACK) for __initial_sp
    entry2.o(__vectab_stack_and_reset_area) refers to entry.o(.ARM.Collect$$$$00000000) for __main
    entry5.o(.ARM.Collect$$$$00000004) refers to init.o(.text) for __scatterload
    entry9a.o(.ARM.Collect$$$$0000000B) refers to main.o(.text) for main
    entry9b.o(.ARM.Collect$$$$0000000C) refers to main.o(.text) for main
    init.o(.text) refers to entry5.o(.ARM.Collect$$$$00000004) for __main_after_scatterload


==============================================================================

Removing Unused input sections from the image.

    Removing startup_stm32f10x_hd.o(HEAP), (512 bytes).
    Removing core_cm3.o(.emb_text), (32 bytes).
    Removing stm32f10x_adc.o(.text), (1102 bytes).
    Removing stm32f10x_bkp.o(.text), (196 bytes).
    Removing stm32f10x_can.o(.text), (2544 bytes).
    Removing stm32f10x_cec.o(.text), (288 bytes).
    Removing stm32f10x_crc.o(.text), (72 bytes).
    Removing stm32f10x_dac.o(.text), (396 bytes).
    Removing stm32f10x_dbgmcu.o(.text), (48 bytes).
    Removing stm32f10x_dma.o(.text), (596 bytes).
    Removing stm32f10x_exti.o(.text), (284 bytes).
    Removing stm32f10x_flash.o(.text), (1468 bytes).
    Removing stm32f10x_fsmc.o(.text), (1548 bytes).
    Removing stm32f10x_i2c.o(.text), (1028 bytes).
    Removing stm32f10x_iwdg.o(.text), (64 bytes).
    Removing stm32f10x_pwr.o(.text), (204 bytes).
    Removing stm32f10x_rtc.o(.text), (328 bytes).
    Removing stm32f10x_sdio.o(.text), (468 bytes).
    Removing stm32f10x_spi.o(.text), (780 bytes).
    Removing stm32f10x_tim.o(.text), (3610 bytes).
    Removing stm32f10x_usart.o(.text), (1032 bytes).
    Removing stm32f10x_wwdg.o(.text), (136 bytes).
    Removing rt_mutex.o(.text), (460 bytes).
    Removing rt_system.o(.emb_text), (0 bytes).

24 unused section(s) (total 17196 bytes) removed from the image.

==============================================================================

Image Symbol Table

    Local Symbols

    Symbol Name                              Value     Ov Type        Size  Object(Section)

    ../clib/microlib/init/entry.s            0x00000000   Number         0  entry10a.o ABSOLUTE
    ../clib/microlib/init/entry.s            0x00000000   Number         0  entry11b.o ABSOLUTE
    ../clib/microlib/init/entry.s            0x00000000   Number         0  entry12a.o ABSOLUTE
    ../clib/microlib/init/entry.s            0x00000000   Number         0  entry11a.o ABSOLUTE
    ../clib/microlib/init/entry.s            0x00000000   Number         0  entry.o ABSOLUTE
    ../clib/microlib/init/entry.s            0x00000000   Number         0  entry5.o ABSOLUTE
    ../clib/microlib/init/entry.s            0x00000000   Number         0  entry7b.o ABSOLUTE
    ../clib/microlib/init/entry.s            0x00000000   Number         0  entry10b.o ABSOLUTE
    ../clib/microlib/init/entry.s            0x00000000   Number         0  entry7a.o ABSOLUTE
    ../clib/microlib/init/entry.s            0x00000000   Number         0  entry9b.o ABSOLUTE
    ../clib/microlib/init/entry.s            0x00000000   Number         0  entry9a.o ABSOLUTE
    ../clib/microlib/init/entry.s            0x00000000   Number         0  entry12b.o ABSOLUTE
    ../clib/microlib/init/entry.s            0x00000000   Number         0  entry2.o ABSOLUTE
    ../clib/microlib/init/entry.s            0x00000000   Number         0  entry8b.o ABSOLUTE
    ../clib/microlib/init/entry.s            0x00000000   Number         0  entry8a.o ABSOLUTE
    ..\..\Libraries\CMSIS\core_cm3.c         0x00000000   Number         0  core_cm3.o ABSOLUTE
    ..\..\Libraries\CMSIS\startup\startup_stm32f10x_hd.s 0x00000000   Number         0  startup_stm32f10x_hd.o ABSOLUTE
    ..\..\Libraries\CMSIS\system_stm32f10x.c 0x00000000   Number         0  system_stm32f10x.o ABSOLUTE
    ..\..\Libraries\FWlib\src\misc.c         0x00000000   Number         0  misc.o ABSOLUTE
    ..\..\Libraries\FWlib\src\stm32f10x_adc.c 0x00000000   Number         0  stm32f10x_adc.o ABSOLUTE
    ..\..\Libraries\FWlib\src\stm32f10x_bkp.c 0x00000000   Number         0  stm32f10x_bkp.o ABSOLUTE
    ..\..\Libraries\FWlib\src\stm32f10x_can.c 0x00000000   Number         0  stm32f10x_can.o ABSOLUTE
    ..\..\Libraries\FWlib\src\stm32f10x_cec.c 0x00000000   Number         0  stm32f10x_cec.o ABSOLUTE
    ..\..\Libraries\FWlib\src\stm32f10x_crc.c 0x00000000   Number         0  stm32f10x_crc.o ABSOLUTE
    ..\..\Libraries\FWlib\src\stm32f10x_dac.c 0x00000000   Number         0  stm32f10x_dac.o ABSOLUTE
    ..\..\Libraries\FWlib\src\stm32f10x_dbgmcu.c 0x00000000   Number         0  stm32f10x_dbgmcu.o ABSOLUTE
    ..\..\Libraries\FWlib\src\stm32f10x_dma.c 0x00000000   Number         0  stm32f10x_dma.o ABSOLUTE
    ..\..\Libraries\FWlib\src\stm32f10x_exti.c 0x00000000   Number         0  stm32f10x_exti.o ABSOLUTE
    ..\..\Libraries\FWlib\src\stm32f10x_flash.c 0x00000000   Number         0  stm32f10x_flash.o ABSOLUTE
    ..\..\Libraries\FWlib\src\stm32f10x_fsmc.c 0x00000000   Number         0  stm32f10x_fsmc.o ABSOLUTE
    ..\..\Libraries\FWlib\src\stm32f10x_gpio.c 0x00000000   Number         0  stm32f10x_gpio.o ABSOLUTE
    ..\..\Libraries\FWlib\src\stm32f10x_i2c.c 0x00000000   Number         0  stm32f10x_i2c.o ABSOLUTE
    ..\..\Libraries\FWlib\src\stm32f10x_iwdg.c 0x00000000   Number         0  stm32f10x_iwdg.o ABSOLUTE
    ..\..\Libraries\FWlib\src\stm32f10x_pwr.c 0x00000000   Number         0  stm32f10x_pwr.o ABSOLUTE
    ..\..\Libraries\FWlib\src\stm32f10x_rcc.c 0x00000000   Number         0  stm32f10x_rcc.o ABSOLUTE
    ..\..\Libraries\FWlib\src\stm32f10x_rtc.c 0x00000000   Number         0  stm32f10x_rtc.o ABSOLUTE
    ..\..\Libraries\FWlib\src\stm32f10x_sdio.c 0x00000000   Number         0  stm32f10x_sdio.o ABSOLUTE
    ..\..\Libraries\FWlib\src\stm32f10x_spi.c 0x00000000   Number         0  stm32f10x_spi.o ABSOLUTE
    ..\..\Libraries\FWlib\src\stm32f10x_tim.c 0x00000000   Number         0  stm32f10x_tim.o ABSOLUTE
    ..\..\Libraries\FWlib\src\stm32f10x_usart.c 0x00000000   Number         0  stm32f10x_usart.o ABSOLUTE
    ..\..\Libraries\FWlib\src\stm32f10x_wwdg.c 0x00000000   Number         0  stm32f10x_wwdg.o ABSOLUTE
    ..\..\User\Led\bsp_led.c                 0x00000000   Number         0  bsp_led.o ABSOLUTE
    ..\..\User\main.c                        0x00000000   Number         0  main.o ABSOLUTE
    ..\..\User\stm32f10x_it.c                0x00000000   Number         0  stm32f10x_it.o ABSOLUTE
    ..\..\rtx\portable\HAL_CM3.c             0x00000000   Number         0  hal_cm3.o ABSOLUTE
    ..\..\rtx\portable\SVC_Table.s           0x00000000   Number         0  svc_table.o ABSOLUTE
    ..\..\rtx\src\RTX_Conf_CM.c              0x00000000   Number         0  rtx_conf_cm.o ABSOLUTE
    ..\..\rtx\src\rt_Event.c                 0x00000000   Number         0  rt_event.o ABSOLUTE
    ..\..\rtx\src\rt_List.c                  0x00000000   Number         0  rt_list.o ABSOLUTE
    ..\..\rtx\src\rt_Mailbox.c               0x00000000   Number         0  rt_mailbox.o ABSOLUTE
    ..\..\rtx\src\rt_MemBox.c                0x00000000   Number         0  rt_membox.o ABSOLUTE
    ..\..\rtx\src\rt_Mutex.c                 0x00000000   Number         0  rt_mutex.o ABSOLUTE
    ..\..\rtx\src\rt_Robin.c                 0x00000000   Number         0  rt_robin.o ABSOLUTE
    ..\..\rtx\src\rt_Semaphore.c             0x00000000   Number         0  rt_semaphore.o ABSOLUTE
    ..\..\rtx\src\rt_System.c                0x00000000   Number         0  rt_system.o ABSOLUTE
    ..\..\rtx\src\rt_Task.c                  0x00000000   Number         0  rt_task.o ABSOLUTE
    ..\..\rtx\src\rt_Time.c                  0x00000000   Number         0  rt_time.o ABSOLUTE
    ..\..\rtx\src\rt_Timer.c                 0x00000000   Number         0  rt_timer.o ABSOLUTE
    ..\\..\\Libraries\\CMSIS\\core_cm3.c     0x00000000   Number         0  core_cm3.o ABSOLUTE
    ..\\..\\rtx\\portable\\HAL_CM3.c         0x00000000   Number         0  hal_cm3.o ABSOLUTE
    ..\\..\\rtx\\src\\rt_System.c            0x00000000   Number         0  rt_system.o ABSOLUTE
    dc.s                                     0x00000000   Number         0  dc.o ABSOLUTE
    handlers.s                               0x00000000   Number         0  handlers.o ABSOLUTE
    init.s                                   0x00000000   Number         0  init.o ABSOLUTE
    RESET                                    0x08000000   Section      304  startup_stm32f10x_hd.o(RESET)
    .ARM.Collect$$$$00000000                 0x08000130   Section        0  entry.o(.ARM.Collect$$$$00000000)
    .ARM.Collect$$$$00000001                 0x08000130   Section        4  entry2.o(.ARM.Collect$$$$00000001)
    .ARM.Collect$$$$00000004                 0x08000134   Section        4  entry5.o(.ARM.Collect$$$$00000004)
    .ARM.Collect$$$$00000008                 0x08000138   Section        0  entry7b.o(.ARM.Collect$$$$00000008)
    .ARM.Collect$$$$0000000A                 0x08000138   Section        0  entry8b.o(.ARM.Collect$$$$0000000A)
    .ARM.Collect$$$$0000000B                 0x08000138   Section        8  entry9a.o(.ARM.Collect$$$$0000000B)
    .ARM.Collect$$$$0000000E                 0x08000140   Section        4  entry12b.o(.ARM.Collect$$$$0000000E)
    .ARM.Collect$$$$0000000F                 0x08000144   Section        0  entry10a.o(.ARM.Collect$$$$0000000F)
    .ARM.Collect$$$$00000011                 0x08000144   Section        0  entry11a.o(.ARM.Collect$$$$00000011)
    .ARM.Collect$$$$00002712                 0x08000144   Section        4  entry2.o(.ARM.Collect$$$$00002712)
    __lit__00000000                          0x08000144   Data           4  entry2.o(.ARM.Collect$$$$00002712)
    .emb_text                                0x08000148   Section      340  hal_cm3.o(.emb_text)
    .text                                    0x0800029c   Section       36  startup_stm32f10x_hd.o(.text)
    .text                                    0x080002c0   Section        0  system_stm32f10x.o(.text)
    SetSysClockTo72                          0x080002c1   Thumb Code   214  system_stm32f10x.o(.text)
    SetSysClock                              0x08000397   Thumb Code     8  system_stm32f10x.o(.text)
    .text                                    0x080004a0   Section        0  misc.o(.text)
    .text                                    0x0800057c   Section        0  stm32f10x_gpio.o(.text)
    .text                                    0x080008d8   Section        0  stm32f10x_rcc.o(.text)
    .text                                    0x08000c7c   Section        0  main.o(.text)
    AppTaskCreate                            0x08000ca9   Thumb Code    18  main.o(.text)
    .text                                    0x08000d2c   Section        0  stm32f10x_it.o(.text)
    .text                                    0x08000d40   Section        0  bsp_led.o(.text)
    .text                                    0x08000da0   Section        0  rt_membox.o(.text)
    .text                                    0x08000e64   Section        0  rt_robin.o(.text)
    .text                                    0x08000ed0   Section        0  rt_semaphore.o(.text)
    .text                                    0x08000fb4   Section        0  rt_system.o(.text)
    .text                                    0x080012f4   Section        0  rt_task.o(.text)
    rt_get_TID                               0x080012f5   Thumb Code    32  rt_task.o(.text)
    rt_init_context                          0x08001315   Thumb Code    72  rt_task.o(.text)
    .text                                    0x08001800   Section        0  rt_time.o(.text)
    .text                                    0x08001864   Section        0  rt_timer.o(.text)
    .text                                    0x0800193c   Section        0  rtx_conf_cm.o(.text)
    .text                                    0x08001948   Section        0  rt_event.o(.text)
    .text                                    0x08001ac0   Section        0  rt_list.o(.text)
    .text                                    0x08001d58   Section        0  rt_mailbox.o(.text)
    .text                                    0x08002078   Section        0  hal_cm3.o(.text)
    .text                                    0x08002144   Section       36  init.o(.text)
    SVC_TABLE                                0x08002168   Section        4  svc_table.o(SVC_TABLE)
    i.__scatterload_copy                     0x0800216c   Section       14  handlers.o(i.__scatterload_copy)
    i.__scatterload_null                     0x0800217a   Section        2  handlers.o(i.__scatterload_null)
    i.__scatterload_zeroinit                 0x0800217c   Section       14  handlers.o(i.__scatterload_zeroinit)
    .constdata                               0x0800218c   Section        4  rt_system.o(.constdata)
    __tagsym$$used                           0x0800218c   Number         0  rt_system.o(.constdata)
    .constdata                               0x08002190   Section       40  rtx_conf_cm.o(.constdata)
    __tagsym$$used                           0x080021a4   Number         0  rtx_conf_cm.o(.constdata)
    __tagsym$$used                           0x080021a8   Number         0  rtx_conf_cm.o(.constdata)
    .data                                    0x20000000   Section       20  system_stm32f10x.o(.data)
    .data                                    0x20000014   Section       20  stm32f10x_rcc.o(.data)
    APBAHBPrescTable                         0x20000014   Data          16  stm32f10x_rcc.o(.data)
    ADCPrescTable                            0x20000024   Data           4  stm32f10x_rcc.o(.data)
    .data                                    0x20000028   Section        8  rt_robin.o(.data)
    .data                                    0x20000030   Section        7  rt_system.o(.data)
    os_lock                                  0x20000034   Data           1  rt_system.o(.data)
    os_psh_flag                              0x20000035   Data           1  rt_system.o(.data)
    pend_flags                               0x20000036   Data           1  rt_system.o(.data)
    .data                                    0x20000038   Section        8  rt_task.o(.data)
    .data                                    0x20000040   Section        4  rt_time.o(.data)
    .data                                    0x20000044   Section        8  rt_timer.o(.data)
    .data                                    0x2000004c   Section        4  rtx_conf_cm.o(.data)
    .data                                    0x20000050   Section        1  hal_cm3.o(.data)
    .bss                                     0x20000058   Section      512  main.o(.bss)
    AppTaskStartStk                          0x20000058   Data         256  main.o(.bss)
    AppTaskLEDStk                            0x20000158   Data         256  main.o(.bss)
    .bss                                     0x20000258   Section       56  rt_task.o(.bss)
    .bss                                     0x20000290   Section     1036  rtx_conf_cm.o(.bss)
    .bss                                     0x2000069c   Section       48  rt_list.o(.bss)
    STACK                                    0x200006d0   Section     1024  startup_stm32f10x_hd.o(STACK)

    Global Symbols

    Symbol Name                              Value     Ov Type        Size  Object(Section)

    BuildAttributes$$THM_ISAv4$P$D$K$B$S$PE$A:L22UL41UL21$X:L11$S22US41US21$IEEE1$IW$USESV6$~STKCKD$USESV7$~SHL$OSPACE$EBA8$MICROLIB$REQ8$PRES8$EABIv2 0x00000000   Number         0  anon$$obj.o ABSOLUTE
    __ARM_use_no_argv                        0x00000000   Number         0  main.o ABSOLUTE
    __arm_fini_                               - Undefined Weak Reference
    __cpp_initialize__aeabi_                  - Undefined Weak Reference
    __cxa_finalize                            - Undefined Weak Reference
    __decompress                              - Undefined Weak Reference
    _clock_init                               - Undefined Weak Reference
    _microlib_exit                            - Undefined Weak Reference
    __Vectors_Size                           0x00000130   Number         0  startup_stm32f10x_hd.o ABSOLUTE
    __RL_RTX_VER                             0x00000473   Number         0  rt_system.o ABSOLUTE
    __Vectors                                0x08000000   Data           4  startup_stm32f10x_hd.o(RESET)
    __Vectors_End                            0x08000130   Data           0  startup_stm32f10x_hd.o(RESET)
    __main                                   0x08000131   Thumb Code     0  entry.o(.ARM.Collect$$$$00000000)
    _main_stk                                0x08000131   Thumb Code     0  entry2.o(.ARM.Collect$$$$00000001)
    _main_scatterload                        0x08000135   Thumb Code     0  entry5.o(.ARM.Collect$$$$00000004)
    __main_after_scatterload                 0x08000139   Thumb Code     0  entry5.o(.ARM.Collect$$$$00000004)
    _main_clock                              0x08000139   Thumb Code     0  entry7b.o(.ARM.Collect$$$$00000008)
    _main_cpp_init                           0x08000139   Thumb Code     0  entry8b.o(.ARM.Collect$$$$0000000A)
    _main_init                               0x08000139   Thumb Code     0  entry9a.o(.ARM.Collect$$$$0000000B)
    __rt_lib_shutdown_fini                   0x08000141   Thumb Code     0  entry12b.o(.ARM.Collect$$$$0000000E)
    __rt_final_cpp                           0x08000145   Thumb Code     0  entry10a.o(.ARM.Collect$$$$0000000F)
    __rt_final_exit                          0x08000145   Thumb Code     0  entry11a.o(.ARM.Collect$$$$00000011)
    rt_set_PSP                               0x08000149   Thumb Code     6  hal_cm3.o(.emb_text)
    rt_get_PSP                               0x0800014f   Thumb Code     6  hal_cm3.o(.emb_text)
    os_set_env                               0x08000155   Thumb Code    24  hal_cm3.o(.emb_text)
    _alloc_box                               0x08000171   Thumb Code    28  hal_cm3.o(.emb_text)
    _free_box                                0x08000191   Thumb Code    28  hal_cm3.o(.emb_text)
    SVC_Handler                              0x080001b1   Thumb Code   124  hal_cm3.o(.emb_text)
    PendSV_Handler                           0x08000239   Thumb Code    76  hal_cm3.o(.emb_text)
    SysTick_Handler                          0x08000289   Thumb Code     8  hal_cm3.o(.emb_text)
    OS_Tick_Handler                          0x08000291   Thumb Code    12  hal_cm3.o(.emb_text)
    Reset_Handler                            0x0800029d   Thumb Code     8  startup_stm32f10x_hd.o(.text)
    DebugMon_Handler                         0x080002b1   Thumb Code     2  startup_stm32f10x_hd.o(.text)
    ADC1_2_IRQHandler                        0x080002b7   Thumb Code     0  startup_stm32f10x_hd.o(.text)
    ADC3_IRQHandler                          0x080002b7   Thumb Code     0  startup_stm32f10x_hd.o(.text)
    CAN1_RX1_IRQHandler                      0x080002b7   Thumb Code     0  startup_stm32f10x_hd.o(.text)
    CAN1_SCE_IRQHandler                      0x080002b7   Thumb Code     0  startup_stm32f10x_hd.o(.text)
    DMA1_Channel1_IRQHandler                 0x080002b7   Thumb Code     0  startup_stm32f10x_hd.o(.text)
    DMA1_Channel2_IRQHandler                 0x080002b7   Thumb Code     0  startup_stm32f10x_hd.o(.text)
    DMA1_Channel3_IRQHandler                 0x080002b7   Thumb Code     0  startup_stm32f10x_hd.o(.text)
    DMA1_Channel4_IRQHandler                 0x080002b7   Thumb Code     0  startup_stm32f10x_hd.o(.text)
    DMA1_Channel5_IRQHandler                 0x080002b7   Thumb Code     0  startup_stm32f10x_hd.o(.text)
    DMA1_Channel6_IRQHandler                 0x080002b7   Thumb Code     0  startup_stm32f10x_hd.o(.text)
    DMA1_Channel7_IRQHandler                 0x080002b7   Thumb Code     0  startup_stm32f10x_hd.o(.text)
    DMA2_Channel1_IRQHandler                 0x080002b7   Thumb Code     0  startup_stm32f10x_hd.o(.text)
    DMA2_Channel2_IRQHandler                 0x080002b7   Thumb Code     0  startup_stm32f10x_hd.o(.text)
    DMA2_Channel3_IRQHandler                 0x080002b7   Thumb Code     0  startup_stm32f10x_hd.o(.text)
    DMA2_Channel4_5_IRQHandler               0x080002b7   Thumb Code     0  startup_stm32f10x_hd.o(.text)
    EXTI0_IRQHandler                         0x080002b7   Thumb Code     0  startup_stm32f10x_hd.o(.text)
    EXTI15_10_IRQHandler                     0x080002b7   Thumb Code     0  startup_stm32f10x_hd.o(.text)
    EXTI1_IRQHandler                         0x080002b7   Thumb Code     0  startup_stm32f10x_hd.o(.text)
    EXTI2_IRQHandler                         0x080002b7   Thumb Code     0  startup_stm32f10x_hd.o(.text)
    EXTI3_IRQHandler                         0x080002b7   Thumb Code     0  startup_stm32f10x_hd.o(.text)
    EXTI4_IRQHandler                         0x080002b7   Thumb Code     0  startup_stm32f10x_hd.o(.text)
    EXTI9_5_IRQHandler                       0x080002b7   Thumb Code     0  startup_stm32f10x_hd.o(.text)
    FLASH_IRQHandler                         0x080002b7   Thumb Code     0  startup_stm32f10x_hd.o(.text)
    FSMC_IRQHandler                          0x080002b7   Thumb Code     0  startup_stm32f10x_hd.o(.text)
    I2C1_ER_IRQHandler                       0x080002b7   Thumb Code     0  startup_stm32f10x_hd.o(.text)
    I2C1_EV_IRQHandler                       0x080002b7   Thumb Code     0  startup_stm32f10x_hd.o(.text)
    I2C2_ER_IRQHandler                       0x080002b7   Thumb Code     0  startup_stm32f10x_hd.o(.text)
    I2C2_EV_IRQHandler                       0x080002b7   Thumb Code     0  startup_stm32f10x_hd.o(.text)
    PVD_IRQHandler                           0x080002b7   Thumb Code     0  startup_stm32f10x_hd.o(.text)
    RCC_IRQHandler                           0x080002b7   Thumb Code     0  startup_stm32f10x_hd.o(.text)
    RTCAlarm_IRQHandler                      0x080002b7   Thumb Code     0  startup_stm32f10x_hd.o(.text)
    RTC_IRQHandler                           0x080002b7   Thumb Code     0  startup_stm32f10x_hd.o(.text)
    SDIO_IRQHandler                          0x080002b7   Thumb Code     0  startup_stm32f10x_hd.o(.text)
    SPI1_IRQHandler                          0x080002b7   Thumb Code     0  startup_stm32f10x_hd.o(.text)
    SPI2_IRQHandler                          0x080002b7   Thumb Code     0  startup_stm32f10x_hd.o(.text)
    SPI3_IRQHandler                          0x080002b7   Thumb Code     0  startup_stm32f10x_hd.o(.text)
    TAMPER_IRQHandler                        0x080002b7   Thumb Code     0  startup_stm32f10x_hd.o(.text)
    TIM1_BRK_IRQHandler                      0x080002b7   Thumb Code     0  startup_stm32f10x_hd.o(.text)
    TIM1_CC_IRQHandler                       0x080002b7   Thumb Code     0  startup_stm32f10x_hd.o(.text)
    TIM1_TRG_COM_IRQHandler                  0x080002b7   Thumb Code     0  startup_stm32f10x_hd.o(.text)
    TIM1_UP_IRQHandler                       0x080002b7   Thumb Code     0  startup_stm32f10x_hd.o(.text)
    TIM2_IRQHandler                          0x080002b7   Thumb Code     0  startup_stm32f10x_hd.o(.text)
    TIM3_IRQHandler                          0x080002b7   Thumb Code     0  startup_stm32f10x_hd.o(.text)
    TIM4_IRQHandler                          0x080002b7   Thumb Code     0  startup_stm32f10x_hd.o(.text)
    TIM5_IRQHandler                          0x080002b7   Thumb Code     0  startup_stm32f10x_hd.o(.text)
    TIM6_IRQHandler                          0x080002b7   Thumb Code     0  startup_stm32f10x_hd.o(.text)
    TIM7_IRQHandler                          0x080002b7   Thumb Code     0  startup_stm32f10x_hd.o(.text)
    TIM8_BRK_IRQHandler                      0x080002b7   Thumb Code     0  startup_stm32f10x_hd.o(.text)
    TIM8_CC_IRQHandler                       0x080002b7   Thumb Code     0  startup_stm32f10x_hd.o(.text)
    TIM8_TRG_COM_IRQHandler                  0x080002b7   Thumb Code     0  startup_stm32f10x_hd.o(.text)
    TIM8_UP_IRQHandler                       0x080002b7   Thumb Code     0  startup_stm32f10x_hd.o(.text)
    UART4_IRQHandler                         0x080002b7   Thumb Code     0  startup_stm32f10x_hd.o(.text)
    UART5_IRQHandler                         0x080002b7   Thumb Code     0  startup_stm32f10x_hd.o(.text)
    USART1_IRQHandler                        0x080002b7   Thumb Code     0  startup_stm32f10x_hd.o(.text)
    USART2_IRQHandler                        0x080002b7   Thumb Code     0  startup_stm32f10x_hd.o(.text)
    USART3_IRQHandler                        0x080002b7   Thumb Code     0  startup_stm32f10x_hd.o(.text)
    USBWakeUp_IRQHandler                     0x080002b7   Thumb Code     0  startup_stm32f10x_hd.o(.text)
    USB_HP_CAN1_TX_IRQHandler                0x080002b7   Thumb Code     0  startup_stm32f10x_hd.o(.text)
    USB_LP_CAN1_RX0_IRQHandler               0x080002b7   Thumb Code     0  startup_stm32f10x_hd.o(.text)
    WWDG_IRQHandler                          0x080002b7   Thumb Code     0  startup_stm32f10x_hd.o(.text)
    SystemInit                               0x0800039f   Thumb Code    78  system_stm32f10x.o(.text)
    SystemCoreClockUpdate                    0x080003ed   Thumb Code   142  system_stm32f10x.o(.text)
    NVIC_PriorityGroupConfig                 0x080004a1   Thumb Code    10  misc.o(.text)
    NVIC_Init                                0x080004ab   Thumb Code   100  misc.o(.text)
    NVIC_SetVectorTable                      0x0800050f   Thumb Code    14  misc.o(.text)
    NVIC_SystemLPConfig                      0x0800051d   Thumb Code    34  misc.o(.text)
    SysTick_CLKSourceConfig                  0x0800053f   Thumb Code    40  misc.o(.text)
    GPIO_DeInit                              0x0800057d   Thumb Code   172  stm32f10x_gpio.o(.text)
    GPIO_AFIODeInit                          0x08000629   Thumb Code    20  stm32f10x_gpio.o(.text)
    GPIO_Init                                0x0800063d   Thumb Code   278  stm32f10x_gpio.o(.text)
    GPIO_StructInit                          0x08000753   Thumb Code    16  stm32f10x_gpio.o(.text)
    GPIO_ReadInputDataBit                    0x08000763   Thumb Code    18  stm32f10x_gpio.o(.text)
    GPIO_ReadInputData                       0x08000775   Thumb Code     8  stm32f10x_gpio.o(.text)
    GPIO_ReadOutputDataBit                   0x0800077d   Thumb Code    18  stm32f10x_gpio.o(.text)
    GPIO_ReadOutputData                      0x0800078f   Thumb Code     8  stm32f10x_gpio.o(.text)
    GPIO_SetBits                             0x08000797   Thumb Code     4  stm32f10x_gpio.o(.text)
    GPIO_ResetBits                           0x0800079b   Thumb Code     4  stm32f10x_gpio.o(.text)
    GPIO_WriteBit                            0x0800079f   Thumb Code    10  stm32f10x_gpio.o(.text)
    GPIO_Write                               0x080007a9   Thumb Code     4  stm32f10x_gpio.o(.text)
    GPIO_PinLockConfig                       0x080007ad   Thumb Code    18  stm32f10x_gpio.o(.text)
    GPIO_EventOutputConfig                   0x080007bf   Thumb Code    26  stm32f10x_gpio.o(.text)
    GPIO_EventOutputCmd                      0x080007d9   Thumb Code     6  stm32f10x_gpio.o(.text)
    GPIO_PinRemapConfig                      0x080007df   Thumb Code   138  stm32f10x_gpio.o(.text)
    GPIO_EXTILineConfig                      0x08000869   Thumb Code    66  stm32f10x_gpio.o(.text)
    GPIO_ETH_MediaInterfaceConfig            0x080008ab   Thumb Code     8  stm32f10x_gpio.o(.text)
    RCC_DeInit                               0x080008d9   Thumb Code    64  stm32f10x_rcc.o(.text)
    RCC_HSEConfig                            0x08000919   Thumb Code    70  stm32f10x_rcc.o(.text)
    RCC_GetFlagStatus                        0x0800095f   Thumb Code    56  stm32f10x_rcc.o(.text)
    RCC_WaitForHSEStartUp                    0x08000997   Thumb Code    56  stm32f10x_rcc.o(.text)
    RCC_AdjustHSICalibrationValue            0x080009cf   Thumb Code    20  stm32f10x_rcc.o(.text)
    RCC_HSICmd                               0x080009e3   Thumb Code     6  stm32f10x_rcc.o(.text)
    RCC_PLLConfig                            0x080009e9   Thumb Code    24  stm32f10x_rcc.o(.text)
    RCC_PLLCmd                               0x08000a01   Thumb Code     6  stm32f10x_rcc.o(.text)
    RCC_SYSCLKConfig                         0x08000a07   Thumb Code    18  stm32f10x_rcc.o(.text)
    RCC_GetSYSCLKSource                      0x08000a19   Thumb Code    10  stm32f10x_rcc.o(.text)
    RCC_HCLKConfig                           0x08000a23   Thumb Code    18  stm32f10x_rcc.o(.text)
    RCC_PCLK1Config                          0x08000a35   Thumb Code    18  stm32f10x_rcc.o(.text)
    RCC_PCLK2Config                          0x08000a47   Thumb Code    20  stm32f10x_rcc.o(.text)
    RCC_ITConfig                             0x08000a5b   Thumb Code    26  stm32f10x_rcc.o(.text)
    RCC_USBCLKConfig                         0x08000a75   Thumb Code     8  stm32f10x_rcc.o(.text)
    RCC_ADCCLKConfig                         0x08000a7d   Thumb Code    18  stm32f10x_rcc.o(.text)
    RCC_LSEConfig                            0x08000a8f   Thumb Code    50  stm32f10x_rcc.o(.text)
    RCC_LSICmd                               0x08000ac1   Thumb Code     6  stm32f10x_rcc.o(.text)
    RCC_RTCCLKConfig                         0x08000ac7   Thumb Code    12  stm32f10x_rcc.o(.text)
    RCC_RTCCLKCmd                            0x08000ad3   Thumb Code     8  stm32f10x_rcc.o(.text)
    RCC_GetClocksFreq                        0x08000adb   Thumb Code   192  stm32f10x_rcc.o(.text)
    RCC_AHBPeriphClockCmd                    0x08000b9b   Thumb Code    26  stm32f10x_rcc.o(.text)
    RCC_APB2PeriphClockCmd                   0x08000bb5   Thumb Code    26  stm32f10x_rcc.o(.text)
    RCC_APB1PeriphClockCmd                   0x08000bcf   Thumb Code    26  stm32f10x_rcc.o(.text)
    RCC_APB2PeriphResetCmd                   0x08000be9   Thumb Code    26  stm32f10x_rcc.o(.text)
    RCC_APB1PeriphResetCmd                   0x08000c03   Thumb Code    26  stm32f10x_rcc.o(.text)
    RCC_BackupResetCmd                       0x08000c1d   Thumb Code     8  stm32f10x_rcc.o(.text)
    RCC_ClockSecuritySystemCmd               0x08000c25   Thumb Code     6  stm32f10x_rcc.o(.text)
    RCC_MCOConfig                            0x08000c2b   Thumb Code     6  stm32f10x_rcc.o(.text)
    RCC_ClearFlag                            0x08000c31   Thumb Code    14  stm32f10x_rcc.o(.text)
    RCC_GetITStatus                          0x08000c3f   Thumb Code    20  stm32f10x_rcc.o(.text)
    RCC_ClearITPendingBit                    0x08000c53   Thumb Code     6  stm32f10x_rcc.o(.text)
    AppTaskLED                               0x08000c7d   Thumb Code    44  main.o(.text)
    AppTaskStart                             0x08000cbb   Thumb Code    42  main.o(.text)
    main                                     0x08000ce5   Thumb Code    40  main.o(.text)
    NMI_Handler                              0x08000d2d   Thumb Code     2  stm32f10x_it.o(.text)
    HardFault_Handler                        0x08000d2f   Thumb Code     4  stm32f10x_it.o(.text)
    MemManage_Handler                        0x08000d33   Thumb Code     4  stm32f10x_it.o(.text)
    BusFault_Handler                         0x08000d37   Thumb Code     4  stm32f10x_it.o(.text)
    UsageFault_Handler                       0x08000d3b   Thumb Code     4  stm32f10x_it.o(.text)
    LED_GPIO_Config                          0x08000d41   Thumb Code    90  bsp_led.o(.text)
    _init_box                                0x08000da1   Thumb Code    88  rt_membox.o(.text)
    rt_alloc_box                             0x08000df9   Thumb Code    30  rt_membox.o(.text)
    _calloc_box                              0x08000e17   Thumb Code    40  rt_membox.o(.text)
    rt_free_box                              0x08000e3f   Thumb Code    36  rt_membox.o(.text)
    rt_init_robin                            0x08000e65   Thumb Code    14  rt_robin.o(.text)
    rt_chk_robin                             0x08000e73   Thumb Code    76  rt_robin.o(.text)
    rt_sem_init                              0x08000ed1   Thumb Code    16  rt_semaphore.o(.text)
    rt_sem_send                              0x08000ee1   Thumb Code    58  rt_semaphore.o(.text)
    rt_sem_wait                              0x08000f1b   Thumb Code    76  rt_semaphore.o(.text)
    isr_sem_send                             0x08000f67   Thumb Code    20  rt_semaphore.o(.text)
    rt_sem_psh                               0x08000f7b   Thumb Code    50  rt_semaphore.o(.text)
    rt_tsk_lock                              0x08000fb5   Thumb Code    98  rt_system.o(.text)
    rt_suspend                               0x08001017   Thumb Code    42  rt_system.o(.text)
    rt_tsk_unlock                            0x08001041   Thumb Code   106  rt_system.o(.text)
    rt_resume                                0x080010ab   Thumb Code   212  rt_system.o(.text)
    rt_psh_req                               0x0800117f   Thumb Code    24  rt_system.o(.text)
    rt_pop_req                               0x08001197   Thumb Code   154  rt_system.o(.text)
    os_tick_init                             0x08001231   Thumb Code    42  rt_system.o(.text)
    os_tick_irqack                           0x0800125b   Thumb Code     2  rt_system.o(.text)
    rt_systick                               0x0800125d   Thumb Code    56  rt_system.o(.text)
    rt_stk_check                             0x08001295   Thumb Code    40  rt_system.o(.text)
    rt_switch_req                            0x0800135d   Thumb Code    10  rt_task.o(.text)
    rt_dispatch                              0x08001367   Thumb Code    72  rt_task.o(.text)
    rt_block                                 0x080013af   Thumb Code    48  rt_task.o(.text)
    rt_tsk_pass                              0x080013df   Thumb Code    36  rt_task.o(.text)
    rt_tsk_self                              0x08001403   Thumb Code    18  rt_task.o(.text)
    rt_tsk_prio                              0x08001415   Thumb Code   156  rt_task.o(.text)
    rt_tsk_create                            0x080014b1   Thumb Code    92  rt_task.o(.text)
    rt_tsk_delete                            0x0800150d   Thumb Code   358  rt_task.o(.text)
    rt_sys_init                              0x08001673   Thumb Code   374  rt_task.o(.text)
    rt_time_get                              0x08001801   Thumb Code     6  rt_time.o(.text)
    rt_dly_wait                              0x08001807   Thumb Code    14  rt_time.o(.text)
    rt_itv_set                               0x08001815   Thumb Code    20  rt_time.o(.text)
    rt_itv_wait                              0x08001829   Thumb Code    52  rt_time.o(.text)
    rt_tmr_tick                              0x08001865   Thumb Code    66  rt_timer.o(.text)
    rt_tmr_create                            0x080018a7   Thumb Code    90  rt_timer.o(.text)
    rt_tmr_kill                              0x08001901   Thumb Code    52  rt_timer.o(.text)
    os_idle_demon                            0x0800193d   Thumb Code     4  rtx_conf_cm.o(.text)
    os_tmr_call                              0x08001941   Thumb Code     2  rtx_conf_cm.o(.text)
    os_error                                 0x08001943   Thumb Code     4  rtx_conf_cm.o(.text)
    rt_evt_wait                              0x08001949   Thumb Code   110  rt_event.o(.text)
    rt_evt_set                               0x080019b7   Thumb Code   102  rt_event.o(.text)
    rt_evt_clr                               0x08001a1d   Thumb Code    26  rt_event.o(.text)
    isr_evt_set                              0x08001a37   Thumb Code    34  rt_event.o(.text)
    rt_evt_get                               0x08001a59   Thumb Code     8  rt_event.o(.text)
    rt_evt_psh                               0x08001a61   Thumb Code    84  rt_event.o(.text)
    rt_put_prio                              0x08001ac1   Thumb Code    64  rt_list.o(.text)
    rt_get_first                             0x08001b01   Thumb Code    50  rt_list.o(.text)
    rt_put_rdy_first                         0x08001b33   Thumb Code    16  rt_list.o(.text)
    rt_get_same_rdy_prio                     0x08001b43   Thumb Code    34  rt_list.o(.text)
    rt_rmv_list                              0x08001b65   Thumb Code    48  rt_list.o(.text)
    rt_resort_prio                           0x08001b95   Thumb Code    48  rt_list.o(.text)
    rt_put_dly                               0x08001bc5   Thumb Code    88  rt_list.o(.text)
    rt_dec_dly                               0x08001c1d   Thumb Code   134  rt_list.o(.text)
    rt_rmv_dly                               0x08001ca3   Thumb Code    40  rt_list.o(.text)
    rt_psq_enq                               0x08001ccb   Thumb Code   120  rt_list.o(.text)
    rt_mbx_init                              0x08001d59   Thumb Code    32  rt_mailbox.o(.text)
    rt_mbx_send                              0x08001d79   Thumb Code   198  rt_mailbox.o(.text)
    rt_mbx_wait                              0x08001e3f   Thumb Code   216  rt_mailbox.o(.text)
    rt_mbx_check                             0x08001f17   Thumb Code    12  rt_mailbox.o(.text)
    isr_mbx_send                             0x08001f23   Thumb Code    22  rt_mailbox.o(.text)
    isr_mbx_receive                          0x08001f39   Thumb Code    98  rt_mailbox.o(.text)
    rt_mbx_psh                               0x08001f9b   Thumb Code   212  rt_mailbox.o(.text)
    rt_init_stack                            0x08002079   Thumb Code    76  hal_cm3.o(.text)
    dbg_init                                 0x080020c5   Thumb Code    40  hal_cm3.o(.text)
    dbg_task_notify                          0x080020ed   Thumb Code    44  hal_cm3.o(.text)
    dbg_task_switch                          0x08002119   Thumb Code    18  hal_cm3.o(.text)
    __scatterload                            0x08002145   Thumb Code    28  init.o(.text)
    __scatterload_rt2                        0x08002145   Thumb Code     0  init.o(.text)
    SVC_Count                                0x08002168   Data           4  svc_table.o(SVC_TABLE)
    SVC_Table                                0x0800216c   Data           0  svc_table.o(SVC_TABLE)
    __scatterload_copy                       0x0800216d   Thumb Code    14  handlers.o(i.__scatterload_copy)
    __scatterload_null                       0x0800217b   Thumb Code     2  handlers.o(i.__scatterload_null)
    __scatterload_zeroinit                   0x0800217d   Thumb Code    14  handlers.o(i.__scatterload_zeroinit)
    RL_RTX_Version                           0x0800218c   Data           4  rt_system.o(.constdata)
    os_maxtaskrun                            0x08002190   Data           2  rtx_conf_cm.o(.constdata)
    os_stackinfo                             0x08002194   Data           4  rtx_conf_cm.o(.constdata)
    os_rrobin                                0x08002198   Data           4  rtx_conf_cm.o(.constdata)
    os_trv                                   0x0800219c   Data           4  rtx_conf_cm.o(.constdata)
    os_flags                                 0x080021a0   Data           1  rtx_conf_cm.o(.constdata)
    os_clockrate                             0x080021a4   Data           4  rtx_conf_cm.o(.constdata)
    os_timernum                              0x080021a8   Data           4  rtx_conf_cm.o(.constdata)
    mp_tcb_size                              0x080021ac   Data           2  rtx_conf_cm.o(.constdata)
    mp_stk_size                              0x080021b0   Data           4  rtx_conf_cm.o(.constdata)
    os_fifo_size                             0x080021b4   Data           1  rtx_conf_cm.o(.constdata)
    mp_tmr_size                              0x080021b6   Data           2  rtx_conf_cm.o(.constdata)
    Region$$Table$$Base                      0x080021b8   Number         0  anon$$obj.o(Region$$Table)
    Region$$Table$$Limit                     0x080021d8   Number         0  anon$$obj.o(Region$$Table)
    SystemCoreClock                          0x20000000   Data           4  system_stm32f10x.o(.data)
    AHBPrescTable                            0x20000004   Data          16  system_stm32f10x.o(.data)
    os_robin                                 0x20000028   Data           8  rt_robin.o(.data)
    os_tick_irqn                             0x20000030   Data           4  rt_system.o(.data)
    os_tsk                                   0x20000038   Data           8  rt_task.o(.data)
    os_time                                  0x20000040   Data           4  rt_time.o(.data)
    os_tmr                                   0x20000044   Data           8  rt_timer.o(.data)
    m_tmr                                    0x2000004c   Data           4  rtx_conf_cm.o(.data)
    dbg_msg                                  0x20000050   Data           1  hal_cm3.o(.data)
    os_idle_TCB                              0x20000258   Data          56  rt_task.o(.bss)
    mp_tcb                                   0x20000290   Data         348  rtx_conf_cm.o(.bss)
    mp_stk                                   0x200003f0   Data         528  rtx_conf_cm.o(.bss)
    os_fifo                                  0x20000600   Data         132  rtx_conf_cm.o(.bss)
    os_active_TCB                            0x20000684   Data          24  rtx_conf_cm.o(.bss)
    os_rdy                                   0x2000069c   Data          24  rt_list.o(.bss)
    os_dly                                   0x200006b4   Data          24  rt_list.o(.bss)
    __initial_sp                             0x20000ad0   Data           0  startup_stm32f10x_hd.o(STACK)



==============================================================================

Memory Map of the image

  Image Entry point : 0x08000131

  Load Region LR_IROM1 (Base: 0x08000000, Size: 0x0000222c, Max: 0x00080000, ABSOLUTE)

    Execution Region ER_IROM1 (Exec base: 0x08000000, Load base: 0x08000000, Size: 0x000021d8, Max: 0x00080000, ABSOLUTE)

    Exec Addr    Load Addr    Size         Type   Attr      Idx    E Section Name        Object

    0x08000000   0x08000000   0x00000130   Data   RO            3    RESET               startup_stm32f10x_hd.o
    0x08000130   0x08000130   0x00000000   Code   RO          800  * .ARM.Collect$$$$00000000  mc_w.l(entry.o)
    0x08000130   0x08000130   0x00000004   Code   RO          803    .ARM.Collect$$$$00000001  mc_w.l(entry2.o)
    0x08000134   0x08000134   0x00000004   Code   RO          806    .ARM.Collect$$$$00000004  mc_w.l(entry5.o)
    0x08000138   0x08000138   0x00000000   Code   RO          808    .ARM.Collect$$$$00000008  mc_w.l(entry7b.o)
    0x08000138   0x08000138   0x00000000   Code   RO          810    .ARM.Collect$$$$0000000A  mc_w.l(entry8b.o)
    0x08000138   0x08000138   0x00000008   Code   RO          811    .ARM.Collect$$$$0000000B  mc_w.l(entry9a.o)
    0x08000140   0x08000140   0x00000004   Code   RO          818    .ARM.Collect$$$$0000000E  mc_w.l(entry12b.o)
    0x08000144   0x08000144   0x00000000   Code   RO          813    .ARM.Collect$$$$0000000F  mc_w.l(entry10a.o)
    0x08000144   0x08000144   0x00000000   Code   RO          815    .ARM.Collect$$$$00000011  mc_w.l(entry11a.o)
    0x08000144   0x08000144   0x00000004   Code   RO          804    .ARM.Collect$$$$00002712  mc_w.l(entry2.o)
    0x08000148   0x08000148   0x00000154   Code   RO          774    .emb_text           hal_cm3.o
    0x0800029c   0x0800029c   0x00000024   Code   RO            4    .text               startup_stm32f10x_hd.o
    0x080002c0   0x080002c0   0x000001e0   Code   RO           24    .text               system_stm32f10x.o
    0x080004a0   0x080004a0   0x000000dc   Code   RO          121    .text               misc.o
    0x0800057c   0x0800057c   0x0000035c   Code   RO          269    .text               stm32f10x_gpio.o
    0x080008d8   0x080008d8   0x000003a4   Code   RO          317    .text               stm32f10x_rcc.o
    0x08000c7c   0x08000c7c   0x000000b0   Code   RO          403    .text               main.o
    0x08000d2c   0x08000d2c   0x00000012   Code   RO          506    .text               stm32f10x_it.o
    0x08000d3e   0x08000d3e   0x00000002   PAD
    0x08000d40   0x08000d40   0x00000060   Code   RO          521    .text               bsp_led.o
    0x08000da0   0x08000da0   0x000000c2   Code   RO          536    .text               rt_membox.o
    0x08000e62   0x08000e62   0x00000002   PAD
    0x08000e64   0x08000e64   0x0000006c   Code   RO          586    .text               rt_robin.o
    0x08000ed0   0x08000ed0   0x000000e4   Code   RO          603    .text               rt_semaphore.o
    0x08000fb4   0x08000fb4   0x00000340   Code   RO          616    .text               rt_system.o
    0x080012f4   0x080012f4   0x0000050c   Code   RO          646    .text               rt_task.o
    0x08001800   0x08001800   0x00000064   Code   RO          672    .text               rt_time.o
    0x08001864   0x08001864   0x000000d8   Code   RO          687    .text               rt_timer.o
    0x0800193c   0x0800193c   0x0000000a   Code   RO          702    .text               rtx_conf_cm.o
    0x08001946   0x08001946   0x00000002   PAD
    0x08001948   0x08001948   0x00000178   Code   RO          725    .text               rt_event.o
    0x08001ac0   0x08001ac0   0x00000298   Code   RO          737    .text               rt_list.o
    0x08001d58   0x08001d58   0x00000320   Code   RO          762    .text               rt_mailbox.o
    0x08002078   0x08002078   0x000000cc   Code   RO          775    .text               hal_cm3.o
    0x08002144   0x08002144   0x00000024   Code   RO          819    .text               mc_w.l(init.o)
    0x08002168   0x08002168   0x00000004   Code   RO          797    SVC_TABLE           svc_table.o
    0x0800216c   0x0800216c   0x0000000e   Code   RO          823    i.__scatterload_copy  mc_w.l(handlers.o)
    0x0800217a   0x0800217a   0x00000002   Code   RO          824    i.__scatterload_null  mc_w.l(handlers.o)
    0x0800217c   0x0800217c   0x0000000e   Code   RO          825    i.__scatterload_zeroinit  mc_w.l(handlers.o)
    0x0800218a   0x0800218a   0x00000002   PAD
    0x0800218c   0x0800218c   0x00000004   Data   RO          617    .constdata          rt_system.o
    0x08002190   0x08002190   0x00000028   Data   RO          704    .constdata          rtx_conf_cm.o
    0x080021b8   0x080021b8   0x00000020   Data   RO          821    Region$$Table       anon$$obj.o


    Execution Region RW_IRAM1 (Exec base: 0x20000000, Load base: 0x080021d8, Size: 0x00000ad0, Max: 0x00010000, ABSOLUTE)

    Exec Addr    Load Addr    Size         Type   Attr      Idx    E Section Name        Object

    0x20000000   0x080021d8   0x00000014   Data   RW           25    .data               system_stm32f10x.o
    0x20000014   0x080021ec   0x00000014   Data   RW          318    .data               stm32f10x_rcc.o
    0x20000028   0x08002200   0x00000008   Data   RW          587    .data               rt_robin.o
    0x20000030   0x08002208   0x00000007   Data   RW          618    .data               rt_system.o
    0x20000037   0x0800220f   0x00000001   PAD
    0x20000038   0x08002210   0x00000008   Data   RW          648    .data               rt_task.o
    0x20000040   0x08002218   0x00000004   Data   RW          673    .data               rt_time.o
    0x20000044   0x0800221c   0x00000008   Data   RW          688    .data               rt_timer.o
    0x2000004c   0x08002224   0x00000004   Data   RW          705    .data               rtx_conf_cm.o
    0x20000050   0x08002228   0x00000001   Data   RW          776    .data               hal_cm3.o
    0x20000051   0x08002229   0x00000007   PAD
    0x20000058        -       0x00000200   Zero   RW          404    .bss                main.o
    0x20000258        -       0x00000038   Zero   RW          647    .bss                rt_task.o
    0x20000290        -       0x0000040c   Zero   RW          703    .bss                rtx_conf_cm.o
    0x2000069c        -       0x00000030   Zero   RW          738    .bss                rt_list.o
    0x200006cc   0x08002229   0x00000004   PAD
    0x200006d0        -       0x00000400   Zero   RW            1    STACK               startup_stm32f10x_hd.o


==============================================================================

Image component sizes


      Code (inc. data)   RO Data    RW Data    ZI Data      Debug   Object Name

        96          6          0          0          0        518   bsp_led.o
         0          0          0          0          0       4500   core_cm3.o
       544         58          0          1          0       2215   hal_cm3.o
       176         32          0          0        512       1399   main.o
       220         22          0          0          0       1793   misc.o
       376         12          0          0          0       2086   rt_event.o
       664         22          0          0         48       5934   rt_list.o
       800         10          0          0          0       2723   rt_mailbox.o
       194          0          0          0          0       3489   rt_membox.o
       108         18          0          8          0        820   rt_robin.o
       228          8          0          0          0       1578   rt_semaphore.o
       832         56          4          7          0       3339   rt_system.o
      1292         82          0          8         56       4552   rt_task.o
       100          8          0          4          0       1227   rt_time.o
       216          8          0          8          0       1529   rt_timer.o
        10          0         40          4       1036       9252   rtx_conf_cm.o
        36          8        304          0       1024        852   startup_stm32f10x_hd.o
       860         38          0          0          0       5721   stm32f10x_gpio.o
        18          0          0          0          0        826   stm32f10x_it.o
       932         36          0         20          0       8892   stm32f10x_rcc.o
         4          4          0          0          0        212   svc_table.o
       480         38          0         20          0     223755   system_stm32f10x.o

    ----------------------------------------------------------------------
      8192        466        380         84       2684     287212   Object Totals
         0          0         32          0          0          0   (incl. Generated)
         6          0          0          4          8          0   (incl. Padding)

    ----------------------------------------------------------------------

      Code (inc. data)   RO Data    RW Data    ZI Data      Debug   Library Member Name

         0          0          0          0          0          0   entry.o
         0          0          0          0          0          0   entry10a.o
         0          0          0          0          0          0   entry11a.o
         4          0          0          0          0          0   entry12b.o
         8          4          0          0          0          0   entry2.o
         4          0          0          0          0          0   entry5.o
         0          0          0          0          0          0   entry7b.o
         0          0          0          0          0          0   entry8b.o
         8          4          0          0          0          0   entry9a.o
        30          0          0          0          0          0   handlers.o
        36          8          0          0          0         68   init.o

    ----------------------------------------------------------------------
        92         16          0          0          0         68   Library Totals
         2          0          0          0          0          0   (incl. Padding)

    ----------------------------------------------------------------------

      Code (inc. data)   RO Data    RW Data    ZI Data      Debug   Library Name

        90         16          0          0          0         68   mc_w.l

    ----------------------------------------------------------------------
        92         16          0          0          0         68   Library Totals

    ----------------------------------------------------------------------

==============================================================================


      Code (inc. data)   RO Data    RW Data    ZI Data      Debug   

      8284        482        380         84       2684     285664   Grand Totals
      8284        482        380         84       2684     285664   ELF Image Totals
      8284        482        380         84          0          0   ROM Totals

==============================================================================

    Total RO  Size (Code + RO Data)                 8664 (   8.46kB)
    Total RW  Size (RW Data + ZI Data)              2768 (   2.70kB)
    Total ROM Size (Code + RO Data + RW Data)       8748 (   8.54kB)

==============================================================================

